2026-07-18 13:50:14,095 | INFO     | Starting installation
2026-07-18 13:50:14,095 | DEBUG    | Checking package index
2026-07-18 13:50:14,095 | DEBUG    | Resolving dependencies
2026-07-18 13:50:14,095 | INFO     | Downloading package
2026-07-18 13:50:14,095 | INFO     | Installing package
2026-07-18 13:50:14,095 | DEBUG    | Cleaning temporary files
2026-07-18 13:50:14,095 | INFO     | Installation complete
2026-07-18 13:51:31,120 | INFO     | Starting installation
2026-07-18 13:51:31,121 | DEBUG    | Checking package index
2026-07-18 13:51:31,121 | DEBUG    | Resolving dependencies
2026-07-18 13:51:31,121 | INFO     | Downloading package
2026-07-18 13:51:31,121 | INFO     | Installing package
2026-07-18 13:51:31,121 | DEBUG    | Cleaning temporary files
2026-07-18 13:51:31,121 | INFO     | Installation complete
2026-07-18 13:51:48,937 | INFO     | Starting installation
2026-07-18 13:51:48,937 | DEBUG    | Checking package index
2026-07-18 13:51:48,937 | DEBUG    | Resolving dependencies
2026-07-18 13:51:48,937 | INFO     | Downloading package
2026-07-18 13:51:48,937 | INFO     | Installing package
2026-07-18 13:51:48,937 | DEBUG    | Cleaning temporary files
2026-07-18 13:51:48,937 | INFO     | Installation complete
